<?xml version="1.0" encoding="utf-8"?><testsuites name="pytest tests"><testsuite name="pytest" errors="0" failures="0" skipped="0" tests="4" time="0.377" timestamp="2025-07-07T20:45:00.538697+00:00" hostname="codespaces-a8ec1f"><testcase classname="test_web_app" name="test_home_route" time="0.030" /><testcase classname="test_web_app" name="test_members_route" time="0.005" /><testcase classname="test_web_app" name="test_api_get_member" time="0.005" /><testcase classname="test_web_app" name="test_calculate_membership_fee" time="0.000" /></testsuite></testsuites>